###############################################################################
#
# IAR C/C++ Compiler V10.10.1.4655 for 8051               12/Jun/2018  00:44:12
# Copyright 2004-2017 IAR Systems AB.
# Standalone license - IAR Embedded Workbench for 8051
#
#    Core               =  plain
#    Code model         =  banked
#    Data model         =  large
#    Calling convention =  xdata reentrant
#    Constant location  =  data_rom
#    Dptr setup         =  1,16
#                          
#    Source file        =  
#        D:\Texas
#        Instruments\ZStack-CC2530-2.5.1a\Projects\zstack\Samples\ClassDesignApp\Source\voice.c
#    Command line       =  
#        -f C:\Users\John_Doe\AppData\Local\Temp\EW6E91.tmp ("D:\Texas
#        Instruments\ZStack-CC2530-2.5.1a\Projects\zstack\Samples\ClassDesignApp\Source\voice.c"
#        -D NWK_AUTO_POLL -D ZTOOL_P1 -D RFD_RCVC_ALWAYS_ON=TRUE -D xMT_TASK -D
#        xMT_SYS_FUNC -D MT_ZDO_FUNC -D xLCD_SUPPORTED=DEBUG -D xPOWER_SAVING
#        -lC "D:\Texas
#        Instruments\ZStack-CC2530-2.5.1a\Projects\zstack\Samples\ClassDesignApp\CC2530DB\SensorDevice\List"
#        -lA "D:\Texas
#        Instruments\ZStack-CC2530-2.5.1a\Projects\zstack\Samples\ClassDesignApp\CC2530DB\SensorDevice\List"
#        --diag_suppress Pe001,Pa010 -o "D:\Texas
#        Instruments\ZStack-CC2530-2.5.1a\Projects\zstack\Samples\ClassDesignApp\CC2530DB\SensorDevice\Obj"
#        -e --debug --core=plain --dptr=16,1 --data_model=large
#        --code_model=banked --calling_convention=xdata_reentrant
#        --place_constants=data_rom --nr_virtual_regs 8 -f "D:\Texas
#        Instruments\ZStack-CC2530-2.5.1a\Projects\zstack\Samples\ClassDesignApp\CC2530DB\..\..\..\Tools\CC2530DB\f8wEndev.cfg"
#        (-DCPU32MHZ -DROOT=__near_func -DMAC_CFG_TX_DATA_MAX=3
#        -DMAC_CFG_TX_MAX=6 -DMAC_CFG_RX_MAX=3) -f "D:\Texas
#        Instruments\ZStack-CC2530-2.5.1a\Projects\zstack\Samples\ClassDesignApp\CC2530DB\..\..\..\Tools\CC2530DB\f8wConfig.cfg"
#        (-DZIGBEEPRO -DSECURE=0 -DZG_SECURE_DYNAMIC=0 -DREFLECTOR
#        -DDEFAULT_CHANLIST=0x07FFF800 -DZDAPP_CONFIG_PAN_ID=0x0127
#        -DNWK_START_DELAY=100 -DEXTENDED_JOINING_RANDOM_MASK=0x007F
#        -DBEACON_REQUEST_DELAY=100 -DBEACON_REQ_DELAY_MASK=0x00FF
#        -DLINK_STATUS_JITTER_MASK=0x007F -DROUTE_EXPIRY_TIME=30
#        -DAPSC_ACK_WAIT_DURATION_POLLED=3000 -DNWK_INDIRECT_MSG_TIMEOUT=7
#        -DMAX_RREQ_ENTRIES=8 -DAPSC_MAX_FRAME_RETRIES=3
#        -DNWK_MAX_DATA_RETRIES=2 -DMAX_POLL_FAILURE_RETRIES=2 -DMAX_BCAST=9
#        -DAPS_MAX_GROUPS=16 -DMAX_RTG_ENTRIES=40 -DNWK_MAX_BINDING_ENTRIES=4
#        -DMAX_BINDING_CLUSTER_IDS=4 "-DDEFAULT_KEY={0x01, 0x03, 0x05, 0x07,
#        0x09, 0x0B, 0x0D, 0x0F, 0x00, 0x02, 0x04, 0x06, 0x08, 0x0A, 0x0C,
#        0x0D}" -DMAC_MAX_FRAME_SIZE=116 -DZDNWKMGR_MIN_TRANSMISSIONS=20
#        "-DCONST=const __code" -DGENERIC=__generic -DRFD_RCVC_ALWAYS_ON=FALSE
#        -DPOLL_RATE=1000 -DQUEUED_POLL_RATE=100 -DRESPONSE_POLL_RATE=100
#        -DREJOIN_POLL_RATE=440) -I "D:\Texas
#        Instruments\ZStack-CC2530-2.5.1a\Projects\zstack\Samples\ClassDesignApp\CC2530DB\"
#        -I "D:\Texas
#        Instruments\ZStack-CC2530-2.5.1a\Projects\zstack\Samples\ClassDesignApp\CC2530DB\..\Source\"
#        -I "D:\Texas
#        Instruments\ZStack-CC2530-2.5.1a\Projects\zstack\Samples\ClassDesignApp\CC2530DB\..\..\..\ZMain\TI2530DB\"
#        -I "D:\Texas
#        Instruments\ZStack-CC2530-2.5.1a\Projects\zstack\Samples\ClassDesignApp\CC2530DB\..\..\..\..\..\Components\hal\include\"
#        -I "D:\Texas
#        Instruments\ZStack-CC2530-2.5.1a\Projects\zstack\Samples\ClassDesignApp\CC2530DB\..\..\..\..\..\Components\hal\target\CC2530EB\"
#        -I "D:\Texas
#        Instruments\ZStack-CC2530-2.5.1a\Projects\zstack\Samples\ClassDesignApp\CC2530DB\..\..\..\..\..\Components\mac\include\"
#        -I "D:\Texas
#        Instruments\ZStack-CC2530-2.5.1a\Projects\zstack\Samples\ClassDesignApp\CC2530DB\..\..\..\..\..\Components\mac\high_level\"
#        -I "D:\Texas
#        Instruments\ZStack-CC2530-2.5.1a\Projects\zstack\Samples\ClassDesignApp\CC2530DB\..\..\..\..\..\Components\mac\low_level\srf04\"
#        -I "D:\Texas
#        Instruments\ZStack-CC2530-2.5.1a\Projects\zstack\Samples\ClassDesignApp\CC2530DB\..\..\..\..\..\Components\mac\low_level\srf04\single_chip\"
#        -I "D:\Texas
#        Instruments\ZStack-CC2530-2.5.1a\Projects\zstack\Samples\ClassDesignApp\CC2530DB\..\..\..\..\..\Components\mt\"
#        -I "D:\Texas
#        Instruments\ZStack-CC2530-2.5.1a\Projects\zstack\Samples\ClassDesignApp\CC2530DB\..\..\..\..\..\Components\osal\include\"
#        -I "D:\Texas
#        Instruments\ZStack-CC2530-2.5.1a\Projects\zstack\Samples\ClassDesignApp\CC2530DB\..\..\..\..\..\Components\services\saddr\"
#        -I "D:\Texas
#        Instruments\ZStack-CC2530-2.5.1a\Projects\zstack\Samples\ClassDesignApp\CC2530DB\..\..\..\..\..\Components\services\sdata\"
#        -I "D:\Texas
#        Instruments\ZStack-CC2530-2.5.1a\Projects\zstack\Samples\ClassDesignApp\CC2530DB\..\..\..\..\..\Components\stack\af\"
#        -I "D:\Texas
#        Instruments\ZStack-CC2530-2.5.1a\Projects\zstack\Samples\ClassDesignApp\CC2530DB\..\..\..\..\..\Components\stack\nwk\"
#        -I "D:\Texas
#        Instruments\ZStack-CC2530-2.5.1a\Projects\zstack\Samples\ClassDesignApp\CC2530DB\..\..\..\..\..\Components\stack\sapi\"
#        -I "D:\Texas
#        Instruments\ZStack-CC2530-2.5.1a\Projects\zstack\Samples\ClassDesignApp\CC2530DB\..\..\..\..\..\Components\stack\sec\"
#        -I "D:\Texas
#        Instruments\ZStack-CC2530-2.5.1a\Projects\zstack\Samples\ClassDesignApp\CC2530DB\..\..\..\..\..\Components\stack\sys\"
#        -I "D:\Texas
#        Instruments\ZStack-CC2530-2.5.1a\Projects\zstack\Samples\ClassDesignApp\CC2530DB\..\..\..\..\..\Components\stack\zdo\"
#        -I "D:\Texas
#        Instruments\ZStack-CC2530-2.5.1a\Projects\zstack\Samples\ClassDesignApp\CC2530DB\..\..\..\..\..\Components\zmac\"
#        -I "D:\Texas
#        Instruments\ZStack-CC2530-2.5.1a\Projects\zstack\Samples\ClassDesignApp\CC2530DB\..\..\..\..\..\Components\zmac\f8w\"
#        -Ohz --require_prototypes --no_code_motion)
#    Locale             =  Chinese (Simplified)_China.936
#    List file          =  
#        D:\Texas
#        Instruments\ZStack-CC2530-2.5.1a\Projects\zstack\Samples\ClassDesignApp\CC2530DB\SensorDevice\List\voice.lst
#    Object file        =  
#        D:\Texas
#        Instruments\ZStack-CC2530-2.5.1a\Projects\zstack\Samples\ClassDesignApp\CC2530DB\SensorDevice\Obj\voice.r51
#
###############################################################################

D:\Texas Instruments\ZStack-CC2530-2.5.1a\Projects\zstack\Samples\ClassDesignApp\Source\voice.c
      1          #include "voice.h"

   \                                 In  segment SFR_AN, at 0x80
   \   union <unnamed> volatile __sfr _A_P0
   \                     _A_P0:
   \   000000                DS 1
      2          
      3          

   \                                 In  segment BANKED_CODE, align 1, keep-with-next
      4          uint8 getVoice(void)
   \                     getVoice:
      5          {
   \   000000                ; Saved register size: 0
   \   000000                ; Auto size: 0
      6              uint8 result;
      7              result = (voice == 0)? 1 : 0;
      8              return result;
   \   000000   A281         MOV       C,0x80.1
   \   000002   B3           CPL       C
   \   000003   E4           CLR       A
   \   000004   33           RLC       A
   \   000005   F9           MOV       R1,A
   \   000006   02....       LJMP      ?BRET
   \   000009                REQUIRE _A_P0
      9          }

   \                                 In  segment BANK_RELAYS, align 1
   \                     `??getVoice::?relay`:
   \   000000   12....       LCALL   ?BDISPATCH
   \   000003   ......       DC24    getVoice

   Maximum stack usage in bytes:

   ISTACK Function
   ------ --------
      0   getVoice


   Segment part sizes:

   Bytes  Function/Label
   -----  --------------
       1  _A_P0
       9  getVoice
       6  getVoice::?relay

 
 9 bytes in segment BANKED_CODE
 6 bytes in segment BANK_RELAYS
 1 byte  in segment SFR_AN
 
 6 bytes of CODE     memory
 0 bytes of DATA     memory (+ 1 byte shared)
 9 bytes of HUGECODE memory

Errors: none
Warnings: none
